out 0 00000000000000000000000000000001 00000001 1
out 1 00000000000000000000000000000000 00000000 0
out 2 00000000000000000000000000000000 00000000 0
out 3 00000000000000000000000000000001 00000001 1
out 4 00000000000000000000000000000000 00000000 0
out 5 00000000000000000000000000000001 00000001 1
out 6 00000000000000000000000000000010 00000002 2
out 7 00000000000000000000000000010111 00000017 23
out 8 00000000000000000000000000011110 0000001e 30
out 9 00000000000000000000000000111100 0000003c 60
out 10 00000000000000000000000001111000 00000078 120
out 11 00000000000000000000000000000111 00000007 7
out 12 00000000000000000000000000000011 00000003 3
out 13 00000000000000000000000000000001 00000001 1
out 14 00000000000000000000000000001111 0000000f 15
out 15 00000000000000000000000000001100 0000000c 12
out 16 11111111111111111111111111110100 fffffff4 4294967284
out 17 11111111111111111111111111101101 ffffffed 4294967277